core_cm7.h:2229:22:SCB_EnableICache	4	static,ignoring_inline_asm
core_cm7.h:2281:22:SCB_EnableDCache	24	static,ignoring_inline_asm
main.c:118:6:HAL_GPIO_EXTI_Callback	16	static
main.c:130:6:HAL_TIM_PeriodElapsedCallback	16	static
main.c:153:5:main	16	static
main.c:288:6:SystemClock_Config	232	static
main.c:352:13:MX_ADC1_Init	24	static
main.c:402:13:MX_DMA2D_Init	8	static
main.c:441:13:MX_DSIHOST_DSI_Init	176	static
main.c:550:13:MX_LTDC_Init	112	static
main.c:632:13:MX_SDMMC2_SD_Init	4	static
main.c:660:13:MX_TIM6_Init	24	static
main.c:698:13:MX_TIM7_Init	24	static
main.c:736:13:MX_TIM13_Init	8	static
main.c:763:13:MX_FMC_Init	40	static
main.c:814:13:MX_GPIO_Init	64	static
main.c:857:13:LCD_Config	16	static
main.c:886:6:printBoardGame	32	static
main.c:906:6:printScoreTable	8	static
main.c:920:6:TempCalc	8	static
main.c:927:6:putCircle	16	static
main.c:944:6:printPlayer	16	static
main.c:961:6:checkPlace	24	static
main.c:988:6:firstPlays	8	static
main.c:1006:6:printMenu	16	static
main.c:1049:5:touchMenu	8	static
main.c:1073:6:checkPossibleMoves	16	static
main.c:1085:6:ReadRulesFromSD	8	static
main.c:1103:6:printTemperatura	8	static
main.c:1110:6:printTotalTime	8	static
main.c:1120:6:writeGameInfoSD	8	static
main.c:1139:6:Error_Handler	8	static
